Component: Arm Compiler for Embedded 6.21 Tool: armlink [5ec1fa00]

==============================================================================

Section Cross References

    ex_4_7_3.o(mprog) refers to ex_4_7_3.o(dds1) for vg
    startup_stm32f10x_md.o(STACK) refers (Special) to system_stm32f10x.o(.text.SystemInit) for SystemInit
    startup_stm32f10x_md.o(STACK) refers (Special) to heapauxi.o(.text) for __use_two_region_memory
    startup_stm32f10x_md.o(HEAP) refers (Special) to system_stm32f10x.o(.text.SystemInit) for SystemInit
    startup_stm32f10x_md.o(HEAP) refers (Special) to heapauxi.o(.text) for __use_two_region_memory
    startup_stm32f10x_md.o(RESET) refers (Special) to system_stm32f10x.o(.text.SystemInit) for SystemInit
    startup_stm32f10x_md.o(RESET) refers (Special) to heapauxi.o(.text) for __use_two_region_memory
    startup_stm32f10x_md.o(RESET) refers to startup_stm32f10x_md.o(STACK) for __initial_sp
    startup_stm32f10x_md.o(RESET) refers to startup_stm32f10x_md.o(.text) for Reset_Handler
    startup_stm32f10x_md.o(.text) refers (Special) to system_stm32f10x.o(.text.SystemInit) for SystemInit
    startup_stm32f10x_md.o(.text) refers (Special) to heapauxi.o(.text) for __use_two_region_memory
    startup_stm32f10x_md.o(.text) refers to ex_4_7_3.o(mprog) for __main
    startup_stm32f10x_md.o(.text) refers to startup_stm32f10x_md.o(HEAP) for Heap_Mem
    startup_stm32f10x_md.o(.text) refers to startup_stm32f10x_md.o(STACK) for Stack_Mem
    system_stm32f10x.o(.text.SystemInit) refers to system_stm32f10x.o(.text.SetSysClock) for SetSysClock
    system_stm32f10x.o(.ARM.exidx.text.SystemInit) refers to system_stm32f10x.o(.text.SystemInit) for [Anonymous Symbol]
    system_stm32f10x.o(.text.SetSysClock) refers to system_stm32f10x.o(.text.SetSysClockTo72) for SetSysClockTo72
    system_stm32f10x.o(.ARM.exidx.text.SetSysClock) refers to system_stm32f10x.o(.text.SetSysClock) for [Anonymous Symbol]
    system_stm32f10x.o(.text.SystemCoreClockUpdate) refers to system_stm32f10x.o(.data.SystemCoreClock) for SystemCoreClock
    system_stm32f10x.o(.text.SystemCoreClockUpdate) refers to system_stm32f10x.o(.rodata.AHBPrescTable) for AHBPrescTable
    system_stm32f10x.o(.ARM.exidx.text.SystemCoreClockUpdate) refers to system_stm32f10x.o(.text.SystemCoreClockUpdate) for [Anonymous Symbol]
    system_stm32f10x.o(.ARM.exidx.text.SetSysClockTo72) refers to system_stm32f10x.o(.text.SetSysClockTo72) for [Anonymous Symbol]


==============================================================================

Removing Unused exception sections from the image.

    Removing system_stm32f10x.o(.ARM.exidx.text.SystemInit), (8 bytes).
    Removing system_stm32f10x.o(.ARM.exidx.text.SetSysClock), (8 bytes).
    Removing system_stm32f10x.o(.ARM.exidx.text.SystemCoreClockUpdate), (8 bytes).
    Removing system_stm32f10x.o(.ARM.exidx.text.SetSysClockTo72), (8 bytes).

4 unused section(s) (total 32 bytes) removed from the image.

==============================================================================

Image Symbol Table

    Local Symbols

    Symbol Name                              Value     Ov Type        Size  Object(Section)

    ../clib/heapaux.c                        0x00000000   Number         0  heapauxi.o ABSOLUTE
    RTE/Device/STM32F103C8/startup_stm32f10x_md.s 0x00000000   Number         0  startup_stm32f10x_md.o ABSOLUTE
    dc.s                                     0x00000000   Number         0  dc.o ABSOLUTE
    ex_4_7_3.s                               0x00000000   Number         0  ex_4_7_3.o ABSOLUTE
    system_stm32f10x.c                       0x00000000   Number         0  system_stm32f10x.o ABSOLUTE
    RESET                                    0x08000000   Section      236  startup_stm32f10x_md.o(RESET)
    .text                                    0x080000ec   Section       56  startup_stm32f10x_md.o(.text)
    .text                                    0x08000124   Section        0  heapauxi.o(.text)
    SetSysClock                              0x0800012d   Thumb Code     8  system_stm32f10x.o(.text.SetSysClock)
    [Anonymous Symbol]                       0x0800012c   Section        0  system_stm32f10x.o(.text.SetSysClock)
    SetSysClockTo72                          0x08000135   Thumb Code   290  system_stm32f10x.o(.text.SetSysClockTo72)
    [Anonymous Symbol]                       0x08000134   Section        0  system_stm32f10x.o(.text.SetSysClockTo72)
    [Anonymous Symbol]                       0x08000258   Section        0  system_stm32f10x.o(.text.SystemCoreClockUpdate)
    [Anonymous Symbol]                       0x0800037c   Section        0  system_stm32f10x.o(.text.SystemInit)
    mprog                                    0x080003e4   Section       32  ex_4_7_3.o(mprog)
    vg                                       0x20000004   Data           4  ex_4_7_3.o(dds1)
    dds1                                     0x20000004   Section       13  ex_4_7_3.o(dds1)
    Heap_Mem                                 0x20000018   Data         512  startup_stm32f10x_md.o(HEAP)
    HEAP                                     0x20000018   Section      512  startup_stm32f10x_md.o(HEAP)
    Stack_Mem                                0x20000218   Data        1024  startup_stm32f10x_md.o(STACK)
    STACK                                    0x20000218   Section     1024  startup_stm32f10x_md.o(STACK)
    __initial_sp                             0x20000618   Data           0  startup_stm32f10x_md.o(STACK)

    Global Symbols

    Symbol Name                              Value     Ov Type        Size  Object(Section)

    BuildAttributes$$THM_ISAv4$P$D$K$B$S$PE$A:L22UL41UL21$X:L11$S22US41US21$IEEE1$IW$~IW$USESV6$~STKCKD$USESV7$~SHL$OSPACE$ROPI$EBA8$STANDARDLIB$REQ8$PRES8$EABIv2 0x00000000   Number         0  anon$$obj.o ABSOLUTE
    __Vectors_Size                           0x000000ec   Number         0  startup_stm32f10x_md.o ABSOLUTE
    __Vectors                                0x08000000   Data           4  startup_stm32f10x_md.o(RESET)
    Reset_Handler                            0x080000ed   Thumb Code     4  startup_stm32f10x_md.o(.text)
    __Vectors_End                            0x080000ec   Data           0  startup_stm32f10x_md.o(RESET)
    NMI_Handler                              0x080000f1   Thumb Code     2  startup_stm32f10x_md.o(.text)
    HardFault_Handler                        0x080000f3   Thumb Code     2  startup_stm32f10x_md.o(.text)
    MemManage_Handler                        0x080000f5   Thumb Code     2  startup_stm32f10x_md.o(.text)
    BusFault_Handler                         0x080000f7   Thumb Code     2  startup_stm32f10x_md.o(.text)
    UsageFault_Handler                       0x080000f9   Thumb Code     2  startup_stm32f10x_md.o(.text)
    SVC_Handler                              0x080000fb   Thumb Code     2  startup_stm32f10x_md.o(.text)
    DebugMon_Handler                         0x080000fd   Thumb Code     2  startup_stm32f10x_md.o(.text)
    PendSV_Handler                           0x080000ff   Thumb Code     2  startup_stm32f10x_md.o(.text)
    SysTick_Handler                          0x08000101   Thumb Code     2  startup_stm32f10x_md.o(.text)
    ADC1_2_IRQHandler                        0x08000103   Thumb Code     0  startup_stm32f10x_md.o(.text)
    CAN1_RX1_IRQHandler                      0x08000103   Thumb Code     0  startup_stm32f10x_md.o(.text)
    CAN1_SCE_IRQHandler                      0x08000103   Thumb Code     0  startup_stm32f10x_md.o(.text)
    DMA1_Channel1_IRQHandler                 0x08000103   Thumb Code     0  startup_stm32f10x_md.o(.text)
    DMA1_Channel2_IRQHandler                 0x08000103   Thumb Code     0  startup_stm32f10x_md.o(.text)
    DMA1_Channel3_IRQHandler                 0x08000103   Thumb Code     0  startup_stm32f10x_md.o(.text)
    DMA1_Channel4_IRQHandler                 0x08000103   Thumb Code     0  startup_stm32f10x_md.o(.text)
    DMA1_Channel5_IRQHandler                 0x08000103   Thumb Code     0  startup_stm32f10x_md.o(.text)
    DMA1_Channel6_IRQHandler                 0x08000103   Thumb Code     0  startup_stm32f10x_md.o(.text)
    DMA1_Channel7_IRQHandler                 0x08000103   Thumb Code     0  startup_stm32f10x_md.o(.text)
    EXTI0_IRQHandler                         0x08000103   Thumb Code     0  startup_stm32f10x_md.o(.text)
    EXTI15_10_IRQHandler                     0x08000103   Thumb Code     0  startup_stm32f10x_md.o(.text)
    EXTI1_IRQHandler                         0x08000103   Thumb Code     0  startup_stm32f10x_md.o(.text)
    EXTI2_IRQHandler                         0x08000103   Thumb Code     0  startup_stm32f10x_md.o(.text)
    EXTI3_IRQHandler                         0x08000103   Thumb Code     0  startup_stm32f10x_md.o(.text)
    EXTI4_IRQHandler                         0x08000103   Thumb Code     0  startup_stm32f10x_md.o(.text)
    EXTI9_5_IRQHandler                       0x08000103   Thumb Code     0  startup_stm32f10x_md.o(.text)
    FLASH_IRQHandler                         0x08000103   Thumb Code     0  startup_stm32f10x_md.o(.text)
    I2C1_ER_IRQHandler                       0x08000103   Thumb Code     0  startup_stm32f10x_md.o(.text)
    I2C1_EV_IRQHandler                       0x08000103   Thumb Code     0  startup_stm32f10x_md.o(.text)
    I2C2_ER_IRQHandler                       0x08000103   Thumb Code     0  startup_stm32f10x_md.o(.text)
    I2C2_EV_IRQHandler                       0x08000103   Thumb Code     0  startup_stm32f10x_md.o(.text)
    PVD_IRQHandler                           0x08000103   Thumb Code     0  startup_stm32f10x_md.o(.text)
    RCC_IRQHandler                           0x08000103   Thumb Code     0  startup_stm32f10x_md.o(.text)
    RTCAlarm_IRQHandler                      0x08000103   Thumb Code     0  startup_stm32f10x_md.o(.text)
    RTC_IRQHandler                           0x08000103   Thumb Code     0  startup_stm32f10x_md.o(.text)
    SPI1_IRQHandler                          0x08000103   Thumb Code     0  startup_stm32f10x_md.o(.text)
    SPI2_IRQHandler                          0x08000103   Thumb Code     0  startup_stm32f10x_md.o(.text)
    TAMPER_IRQHandler                        0x08000103   Thumb Code     0  startup_stm32f10x_md.o(.text)
    TIM1_BRK_IRQHandler                      0x08000103   Thumb Code     0  startup_stm32f10x_md.o(.text)
    TIM1_CC_IRQHandler                       0x08000103   Thumb Code     0  startup_stm32f10x_md.o(.text)
    TIM1_TRG_COM_IRQHandler                  0x08000103   Thumb Code     0  startup_stm32f10x_md.o(.text)
    TIM1_UP_IRQHandler                       0x08000103   Thumb Code     0  startup_stm32f10x_md.o(.text)
    TIM2_IRQHandler                          0x08000103   Thumb Code     0  startup_stm32f10x_md.o(.text)
    TIM3_IRQHandler                          0x08000103   Thumb Code     0  startup_stm32f10x_md.o(.text)
    TIM4_IRQHandler                          0x08000103   Thumb Code     0  startup_stm32f10x_md.o(.text)
    USART1_IRQHandler                        0x08000103   Thumb Code     0  startup_stm32f10x_md.o(.text)
    USART2_IRQHandler                        0x08000103   Thumb Code     0  startup_stm32f10x_md.o(.text)
    USART3_IRQHandler                        0x08000103   Thumb Code     0  startup_stm32f10x_md.o(.text)
    USBWakeUp_IRQHandler                     0x08000103   Thumb Code     0  startup_stm32f10x_md.o(.text)
    USB_HP_CAN1_TX_IRQHandler                0x08000103   Thumb Code     0  startup_stm32f10x_md.o(.text)
    USB_LP_CAN1_RX0_IRQHandler               0x08000103   Thumb Code     0  startup_stm32f10x_md.o(.text)
    WWDG_IRQHandler                          0x08000103   Thumb Code     0  startup_stm32f10x_md.o(.text)
    __user_initial_stackheap                 0x08000105   Thumb Code     0  startup_stm32f10x_md.o(.text)
    __use_two_region_memory                  0x08000125   Thumb Code     2  heapauxi.o(.text)
    __rt_heap_escrow$2region                 0x08000127   Thumb Code     2  heapauxi.o(.text)
    __rt_heap_expand$2region                 0x08000129   Thumb Code     2  heapauxi.o(.text)
    SystemCoreClockUpdate                    0x08000259   Thumb Code   290  system_stm32f10x.o(.text.SystemCoreClockUpdate)
    SystemInit                               0x0800037d   Thumb Code   102  system_stm32f10x.o(.text.SystemInit)
    __main                                   0x080003e5   Thumb Code     0  ex_4_7_3.o(mprog)
    AHBPrescTable                            0x08000404   Data          16  system_stm32f10x.o(.rodata.AHBPrescTable)
    SystemCoreClock                          0x20000000   Data           4  system_stm32f10x.o(.data.SystemCoreClock)



==============================================================================

Memory Map of the image

  Image entry point : Not specified.

  Load Region LR_IROM1 (Base: 0x08000000, Size: 0x00000430, Max: 0x00010000, ABSOLUTE)

    Execution Region ER_IROM1 (Exec base: 0x08000000, Load base: 0x08000000, Size: 0x00000414, Max: 0x00010000, ABSOLUTE)

    Exec Addr    Load Addr    Size         Type   Attr      Idx    E Section Name        Object

    0x08000000   0x08000000   0x000000ec   Data   RO            9    RESET               startup_stm32f10x_md.o
    0x080000ec   0x080000ec   0x00000038   Code   RO           10    .text               startup_stm32f10x_md.o
    0x08000124   0x08000124   0x00000000   Code   RO           14    .text               system_stm32f10x.o
    0x08000124   0x08000124   0x00000006   Code   RO           33    .text               c_w.l(heapauxi.o)
    0x0800012a   0x0800012a   0x00000002   PAD
    0x0800012c   0x0800012c   0x00000008   Code   RO           17    .text.SetSysClock   system_stm32f10x.o
    0x08000134   0x08000134   0x00000122   Code   RO           21    .text.SetSysClockTo72  system_stm32f10x.o
    0x08000256   0x08000256   0x00000002   PAD
    0x08000258   0x08000258   0x00000122   Code   RO           19    .text.SystemCoreClockUpdate  system_stm32f10x.o
    0x0800037a   0x0800037a   0x00000002   PAD
    0x0800037c   0x0800037c   0x00000066   Code   RO           15    .text.SystemInit    system_stm32f10x.o
    0x080003e2   0x080003e2   0x00000002   PAD
    0x080003e4   0x080003e4   0x00000020   Code   RO            2    mprog               ex_4_7_3.o
    0x08000404   0x08000404   0x00000010   Data   RO           24    .rodata.AHBPrescTable  system_stm32f10x.o


    Execution Region RW_IRAM1 (Exec base: 0x20000000, Load base: 0x08000418, Size: 0x00000618, Max: 0x00005000, ABSOLUTE)

    Exec Addr    Load Addr    Size         Type   Attr      Idx    E Section Name        Object

    0x20000000   0x08000418   0x00000004   Data   RW           23    .data.SystemCoreClock  system_stm32f10x.o
    0x20000004   0x0800041c   0x0000000d   Data   RW            1    dds1                ex_4_7_3.o
    0x20000011   0x08000429   0x00000007   PAD
    0x20000018        -       0x00000200   Zero   RW            8    HEAP                startup_stm32f10x_md.o
    0x20000218        -       0x00000400   Zero   RW            7    STACK               startup_stm32f10x_md.o


==============================================================================

Image component sizes


      Code (inc. data)   RO Data    RW Data    ZI Data      Debug   Object Name

        32          6          0         13          0        300   ex_4_7_3.o
        56         22        236          0       1536        856   startup_stm32f10x_md.o
       690          0         16          4          0       2845   system_stm32f10x.o

    ----------------------------------------------------------------------
       784         28        252         20       1540       4001   Object Totals
         0          0          0          0          0          0   (incl. Generated)
         6          0          0          3          4          0   (incl. Padding)

    ----------------------------------------------------------------------

      Code (inc. data)   RO Data    RW Data    ZI Data      Debug   Library Member Name

         6          0          0          0          0        152   heapauxi.o

    ----------------------------------------------------------------------
         8          0          0          0          0        152   Library Totals
         2          0          0          0          0          0   (incl. Padding)

    ----------------------------------------------------------------------

      Code (inc. data)   RO Data    RW Data    ZI Data      Debug   Library Name

         6          0          0          0          0        152   c_w.l

    ----------------------------------------------------------------------
         8          0          0          0          0        152   Library Totals

    ----------------------------------------------------------------------

==============================================================================


      Code (inc. data)   RO Data    RW Data    ZI Data      Debug   

       792         28        252         20       1540       4153   Grand Totals
       792         28        252         20       1540       4153   ELF Image Totals
       792         28        252         20          0          0   ROM Totals

==============================================================================

    Total RO  Size (Code + RO Data)                 1044 (   1.02kB)
    Total RW  Size (RW Data + ZI Data)              1560 (   1.52kB)
    Total ROM Size (Code + RO Data + RW Data)       1064 (   1.04kB)

==============================================================================

